   Compiling proc-macro2 v1.0.107
   Compiling quote v1.0.47
   Compiling unicode-ident v1.0.24
   Compiling libc v0.2.189
   Compiling cfg-if v1.0.4
   Compiling syn v2.0.119
   Compiling getrandom v0.2.17
   Compiling syn v3.0.3
   Compiling rand_core v0.6.4
   Compiling version_check v0.9.5
   Compiling generic-array v0.14.7
   Compiling typenum v1.20.1
   Compiling subtle v2.6.1
   Compiling zeroize_derive v1.5.0
   Compiling zeroize v1.9.0
   Compiling crypto-common v0.1.7
   Compiling shlex v2.0.1
   Compiling find-msvc-tools v0.1.10
   Compiling serde_core v1.0.229
   Compiling cc v1.4.2
   Compiling synstructure v0.13.2
   Compiling serde v1.0.229
   Compiling zerofrom-derive v0.1.7
   Compiling serde_derive v1.0.229
   Compiling zerofrom v0.1.8
   Compiling yoke-derive v0.8.2
   Compiling block-buffer v0.10.4
   Compiling stable_deref_trait v1.2.1
   Compiling yoke v0.8.3
   Compiling digest v0.10.7
   Compiling zerovec-derive v0.11.3
   Compiling semver v1.0.28
   Compiling rustc_version v0.4.1
   Compiling zerovec v0.11.6
   Compiling displaydoc v0.2.7
   Compiling cpufeatures v0.2.17
   Compiling zerocopy v0.8.56
   Compiling curve25519-dalek v4.1.3
   Compiling ff v0.13.1
   Compiling group v0.13.0
   Compiling arrayvec v0.7.8
   Compiling zmij v1.0.23
   Compiling tinystr v0.8.3
   Compiling keccak v0.1.6
   Compiling clear_on_drop v0.2.5
   Compiling inout v0.1.4
   Compiling serde_json v1.0.151
   Compiling tinyvec_macros v0.1.1
   Compiling writeable v0.6.3
   Compiling litemap v0.8.2
   Compiling thiserror v1.0.69
   Compiling thiserror v2.0.20
   Compiling ppv-lite86 v0.2.21
   Compiling icu_locale_core v2.2.0
   Compiling rand_chacha v0.3.1
   Compiling tinyvec v1.12.0
   Compiling cipher v0.4.4
   Compiling hex-conservative v0.2.2
   Compiling zerotrie v0.2.4
   Compiling potential_utf v0.1.5
   Compiling blake3 v1.8.6
   Compiling universal-hash v0.5.1
   Compiling thiserror-impl v1.0.69
   Compiling thiserror-impl v2.0.20
   Compiling memchr v2.8.3
   Compiling icu_properties_data v2.2.0
   Compiling once_cell v1.21.4
   Compiling byteorder v1.5.0
   Compiling utf8_iter v1.0.4
   Compiling signature v2.2.0
   Compiling opaque-debug v0.3.1
   Compiling itoa v1.0.18
   Compiling base64ct v1.8.3
   Compiling icu_normalizer_data v2.2.0
   Compiling password-hash v0.5.0
   Compiling ed25519 v2.2.3
   Compiling poly1305 v0.8.0
   Compiling merlin v3.0.0
   Compiling icu_collections v2.2.0
   Compiling icu_provider v2.2.0
   Compiling bitcoin_hashes v0.14.101
   Compiling chacha20 v0.9.1
   Compiling unicode-normalization v0.1.25
   Compiling rand v0.8.7
   Compiling sha3 v0.10.9
   Compiling sha2 v0.10.9
   Compiling blake2 v0.10.6
   Compiling ring v0.17.14
   Compiling aead v0.5.2
   Compiling smallvec v1.15.2
   Compiling hex v0.4.3
   Compiling constant_time_eq v0.4.2
   Compiling arrayref v0.3.9
   Compiling nightfall-types v1.0.5 (/data/data/com.termux/files/home/wvp-nightfall-43/worktrees/patched/crates/nightfall-types)
   Compiling chacha20poly1305 v0.10.1
   Compiling argon2 v0.5.3
   Compiling ed25519-dalek v2.2.0
   Compiling bulletproofs v5.0.0
   Compiling bip39 v2.2.2
   Compiling x25519-dalek v2.0.1
   Compiling rustls-pki-types v1.15.1
   Compiling nightfall-crypto v1.0.5 (/data/data/com.termux/files/home/wvp-nightfall-43/worktrees/patched/crates/nightfall-crypto)
   Compiling icu_normalizer v2.2.0
   Compiling icu_properties v2.2.0
   Compiling tracing-core v0.1.36
   Compiling log v0.4.33
   Compiling untrusted v0.9.0
   Compiling utf8parse v0.2.2
   Compiling anstyle-parse v1.0.0
   Compiling idna_adapter v1.2.2
   Compiling nightfall-ledger v1.0.5 (/data/data/com.termux/files/home/wvp-nightfall-43/worktrees/patched/crates/nightfall-ledger)
   Compiling tracing-attributes v0.1.31
   Compiling rustls v0.23.43
   Compiling regex-syntax v0.8.11
   Compiling anstyle v1.0.14
   Compiling option-ext v0.2.0
   Compiling percent-encoding v2.3.2
   Compiling is_terminal_polyfill v1.70.2
   Compiling anstyle-query v1.1.5
   Compiling pin-project-lite v0.2.17
   Compiling anyhow v1.0.104
   Compiling colorchoice v1.0.5
   Compiling anstream v1.0.0
   Compiling regex-automata v0.4.18
   Compiling tracing v0.1.44
   Compiling form_urlencoded v1.2.2
   Compiling dirs-sys v0.4.1
   Compiling rustls-webpki v0.103.14
   Compiling nightfall-consensus v1.0.5 (/data/data/com.termux/files/home/wvp-nightfall-43/worktrees/patched/crates/nightfall-consensus)
   Compiling idna v1.1.0
   Compiling webpki-roots v1.0.9
   Compiling lazy_static v1.5.0
   Compiling heck v0.5.0
   Compiling clap_lex v1.1.0
   Compiling strsim v0.11.1
   Compiling clap_derive v4.6.4
   Compiling clap_builder v4.6.6
   Compiling sharded-slab v0.1.7
   Compiling webpki-roots v0.26.11
   Compiling url v2.5.8
   Compiling matchers v0.2.0
   Compiling dirs v5.0.1
   Compiling tracing-log v0.2.0
   Compiling bincode v1.3.3
   Compiling thread_local v1.1.10
   Compiling base64 v0.22.1
   Compiling nu-ansi-term v0.50.3
   Compiling tracing-subscriber v0.3.23
   Compiling ureq v2.12.1
   Compiling nightfall-storage v1.0.5 (/data/data/com.termux/files/home/wvp-nightfall-43/worktrees/patched/crates/nightfall-storage)
   Compiling clap v4.6.6
   Compiling nightfall-p2p v1.0.5 (/data/data/com.termux/files/home/wvp-nightfall-43/worktrees/patched/crates/nightfall-p2p)
   Compiling nightfall-node v1.0.5 (/data/data/com.termux/files/home/wvp-nightfall-43/worktrees/patched/crates/nightfall-node)
    Finished `test` profile [unoptimized + debuginfo] target(s) in 4m 42s
     Running tests/reorg_fetch.rs (target/debug/deps/reorg_fetch-2127f8a0e4f65ce9)

running 21 tests
test a_fresh_equal_peer_lets_us_mine ... ok
test a_fresh_ahead_peer_holds_mining_however_long_the_sync_takes ... ok
test a_liar_advertising_u64_max_is_capped ... ok
test a_fresh_ahead_peer_holds_mining ... ok
test a_loaded_chain_does_not_mine_before_a_peer_speaks ... ok
test a_newcomer_is_never_the_victim ... ok
test a_peer_thousands_ahead_on_a_shallow_fork_is_still_fetched ... ok
test a_short_peer_is_not_padded ... ok
test a_suffix_after_a_recent_ancestor_is_fetched_whole ... ok
test a_synced_inbound_gives_up_its_seat ... ok
test an_ahead_peer_going_stale_still_releases_mining ... ok
test catching_up_inbounds_are_not_evicted ... ok
test empty_node_may_mine_without_peers ... ok
test genesis_only_peer_is_one_block ... ok
test gossip_does_not_fill_the_dial_list ... ok
test isolated_node_mines_after_the_catchup_window ... ok
test nothing_to_fetch_past_their_tip ... ok
test outbound_sessions_are_not_evicted ... ok
test stale_peer_height_is_not_trusted ... ok
test the_directory_names_seeds_and_reachable_listeners_only ... ok
test we_only_remember_seeds_and_confirmed_peers ... ok

test result: ok. 21 passed; 0 failed; 0 ignored; 0 measured; 0 filtered out; finished in 0.01s
